  $ cat test_convert_stub.c
#include "test_convert_stub.h"
#include <caml/mlvalues.h>
#include <caml/memory.h>
#include <caml/alloc.h>
#include <caml/custom.h>
#include "convert_defs.h"
static void camlid_ml2c(value * v, camlid_int * c){ *c = Long_val(*v); };
static void camlid_init1(camlid_int * c){  };
static void camlid_init(camlid_ref * c){ camlid_init1(*c); };
camlid_int f(camlid_int, camlid_ref);
static void camlid_c2ml2(value * v, camlid_int * c){ *v = Val_long(*c); };
static void camlid_c2ml1(value * v, camlid_result * c){
  CAMLparam0();
  CAMLlocal1(tmp);
  switch(c->tag){
  case camlid_result_Data: /* Data */
    *v=caml_alloc(1,0);
    camlid_c2ml2(&tmp, &c->u.Data.data);
    Store_field(*v,0,tmp);
    break;
  case camlid_result_Error: /* Error */
    *v=caml_alloc(1,1);
    camlid_c2ml2(&tmp, &c->u.Error.error);
    Store_field(*v,0,tmp);
    break;};
  CAMLreturn0;
  };
static void camlid_c2ml(camlid_int * c, value * v, camlid_ref data){
  camlid_result tmp; combine_data_or_status(&tmp, c, data);
  camlid_c2ml1(v, &tmp);
  };
static void camlid_free(camlid_int * c){  };
static void camlid_free1(camlid_ref * c){  };
extern value camlid_stub_f(value other){
  camlid_int other1 = ((camlid_int) { });
  camlid_ref data = &(((struct { camlid_int a; }) { ((camlid_int) { }) }).a);
  camlid_int res;
  value ret;
  camlid_ml2c(&other, &other1);
  camlid_init(&data);
  res = f(other1, data);
  camlid_c2ml(&res, &ret, data);
  camlid_free(&other1);
  camlid_free1(&data);
  return ret;
};

  $ cat test_convert.ml
type camlid_int = int
type result = | Data of camlid_int | Error of camlid_int
external f: camlid_int -> result = "camlid_stub_f"
  $ compile test_convert.c

  $ compile test_convert.ml
