  $ cat test_custom_stub.c
#include <stddef.h>
#include <inttypes.h>
#include <caml/mlvalues.h>
#include <caml/memory.h>
#include <caml/alloc.h>
#include <caml/custom.h>
typedef int * camlid_custom;
static void camlid_init(camlid_custom * c){  };
void f(camlid_custom);
void finalize_ptr(camlid_custom *);
static void camlid_finalize_op(value v){
  finalize_ptr((camlid_custom *) Data_custom_val(v));
  };
int compare_ptr(camlid_custom *, camlid_custom *);
static int camlid_compare_op(value v1, value v2){
  return compare_ptr(
           (camlid_custom *) Data_custom_val(v1),
           (camlid_custom *) Data_custom_val(v2)
         );
  };
intptr_t hash_ptr(camlid_custom *);
static intptr_t camlid_hash_op(value v){
  return hash_ptr((camlid_custom *) Data_custom_val(v));
  };
struct custom_operations camlid_cops = {
NULL,
camlid_finalize_op,
camlid_compare_op,
camlid_hash_op,
custom_serialize_default,
custom_deserialize_default
};
static void camlid_c2ml(value * v, camlid_custom * c){
  *v = caml_alloc_custom(&camlid_cops,sizeof(camlid_custom), 0, 1);
  *((camlid_custom *) Data_custom_val(*v)) = *c;
  };
static void camlid_free(camlid_custom * c){  };
extern value camlid_stub_f(){
  camlid_custom p = ((camlid_custom) { });
  value ret;
  camlid_init(&p);
  f(p);
  camlid_c2ml(&ret, &p);
  camlid_free(&p);
  return ret;
};

  $ cat test_custom.ml
type camlid_myptr
external f: unit -> camlid_myptr = "camlid_stub_f"
  $ compile test_custom.c

  $ compile test_custom.ml
